// Jest Snapshot v1, https://goo.gl/fbAQLP

exports[`App should render properly, with component did mount calling getImages 1`] = `
<Gallery
  images={Array []}
/>
`;
